1.) Program does not run due to lack of input and output arguments . Must provide JSON file source. 
2.) ValueError: math domain error is being caused by the square root function of some values. 
This could be caused by the start date coming after the end date or missing a return date.


Found via line by line debugging :
C:\Python220Repository\students\randi_peterson\lesson02\assignment02>python -m p
db charges_calc.py
> c:\python220repository\students\randi_peterson\lesson02\assignment02\charges_c
alc.py(3)<module>()
-> '''
(Pdb) b 44
Breakpoint 1 at c:\python220repository\students\randi_peterson\lesson02\assignme
nt02\charges_calc.py:44
(Pdb) c
> c:\python220repository\students\randi_peterson\lesson02\assignment02\charges_c
alc.py(44)<module>()
-> args = parse_cmd_arguments()
(Pdb) s
--Call--
> c:\python220repository\students\randi_peterson\lesson02\assignment02\charges_c
alc.py(9)parse_cmd_arguments()
-> def parse_cmd_arguments():
(Pdb) n
> c:\python220repository\students\randi_peterson\lesson02\assignment02\charges_c
alc.py(10)parse_cmd_arguments()
-> parser = argparse.ArgumentParser(description='Process some integers.')
(Pdb) n
> c:\python220repository\students\randi_peterson\lesson02\assignment02\charges_c
alc.py(11)parse_cmd_arguments()
-> parser.add_argument('-i', '--input', help='input JSON file', required=True)
(Pdb) n
> c:\python220repository\students\randi_peterson\lesson02\assignment02\charges_c
alc.py(12)parse_cmd_arguments()
-> parser.add_argument('-o', '--output', help='ouput JSON file', required=True)
(Pdb) n
> c:\python220repository\students\randi_peterson\lesson02\assignment02\charges_c
alc.py(14)parse_cmd_arguments()
-> return parser.parse_args()
(Pdb) n
usage: charges_calc.py [-h] -i INPUT -o OUTPUT
charges_calc.py: error: the following arguments are required: -i/--input, -o/--o
utput
SystemExit: 2
> c:\python220repository\students\randi_peterson\lesson02\assignment02\charges_c
alc.py(14)parse_cmd_arguments()
-> return parser.parse_args()
(Pdb) exit()


RUN AGAIN WITH JSON INPUTS

C:\Python220Repository\students\randi_peterson\lesson02\assignment02>python -m p
db charges_calc.py -i source.json -o out.json
> c:\python220repository\students\randi_peterson\lesson02\assignment02\charges_c
alc.py(3)<module>()
-> '''
(Pdb) n
> c:\python220repository\students\randi_peterson\lesson02\assignment02\charges_c
alc.py(4)<module>()
-> import argparse
(Pdb) n
> c:\python220repository\students\randi_peterson\lesson02\assignment02\charges_c
alc.py(5)<module>()
-> import json
(Pdb) n
> c:\python220repository\students\randi_peterson\lesson02\assignment02\charges_c
alc.py(6)<module>()
-> import datetime
(Pdb) n
> c:\python220repository\students\randi_peterson\lesson02\assignment02\charges_c
alc.py(7)<module>()
-> import math
(Pdb) n
> c:\python220repository\students\randi_peterson\lesson02\assignment02\charges_c
alc.py(9)<module>()
-> def parse_cmd_arguments():
(Pdb) n
> c:\python220repository\students\randi_peterson\lesson02\assignment02\charges_c
alc.py(17)<module>()
-> def load_rentals_file(filename):
(Pdb) n
> c:\python220repository\students\randi_peterson\lesson02\assignment02\charges_c
alc.py(25)<module>()
-> def calculate_additional_fields(data):
(Pdb) n
> c:\python220repository\students\randi_peterson\lesson02\assignment02\charges_c
alc.py(39)<module>()
-> def save_to_json(filename, data):
(Pdb) n
> c:\python220repository\students\randi_peterson\lesson02\assignment02\charges_c
alc.py(43)<module>()
-> if __name__ == "__main__":
(Pdb) n
> c:\python220repository\students\randi_peterson\lesson02\assignment02\charges_c
alc.py(44)<module>()
-> args = parse_cmd_arguments()
(Pdb) s
--Call--
> c:\python220repository\students\randi_peterson\lesson02\assignment02\charges_c
alc.py(9)parse_cmd_arguments()
-> def parse_cmd_arguments():
(Pdb) n
> c:\python220repository\students\randi_peterson\lesson02\assignment02\charges_c
alc.py(10)parse_cmd_arguments()
-> parser = argparse.ArgumentParser(description='Process some integers.')
(Pdb) n
> c:\python220repository\students\randi_peterson\lesson02\assignment02\charges_c
alc.py(11)parse_cmd_arguments()
-> parser.add_argument('-i', '--input', help='input JSON file', required=True)
(Pdb) n
> c:\python220repository\students\randi_peterson\lesson02\assignment02\charges_c
alc.py(12)parse_cmd_arguments()
-> parser.add_argument('-o', '--output', help='ouput JSON file', required=True)
(Pdb) n
> c:\python220repository\students\randi_peterson\lesson02\assignment02\charges_c
alc.py(14)parse_cmd_arguments()
-> return parser.parse_args()
(Pdb) n
--Return--
> c:\python220repository\students\randi_peterson\lesson02\assignment02\charges_c
alc.py(14)parse_cmd_arguments()->Namespace(inp...ut='out.json')
-> return parser.parse_args()
(Pdb) n
> c:\python220repository\students\randi_peterson\lesson02\assignment02\charges_c
alc.py(45)<module>()
-> data = load_rentals_file(args.input)
(Pdb) s
--Call--
> c:\python220repository\students\randi_peterson\lesson02\assignment02\charges_c
alc.py(17)load_rentals_file()
-> def load_rentals_file(filename):
(Pdb) s
> c:\python220repository\students\randi_peterson\lesson02\assignment02\charges_c
alc.py(18)load_rentals_file()
-> with open(filename) as file:
(Pdb) n
> c:\python220repository\students\randi_peterson\lesson02\assignment02\charges_c
alc.py(19)load_rentals_file()
-> try:
(Pdb) n
> c:\python220repository\students\randi_peterson\lesson02\assignment02\charges_c
alc.py(20)load_rentals_file()
-> data = json.load(file)
(Pdb) n
> c:\python220repository\students\randi_peterson\lesson02\assignment02\charges_c
alc.py(23)load_rentals_file()
-> return data
(Pdb) n
--Return--
> c:\python220repository\students\randi_peterson\lesson02\assignment02\charges_c
alc.py(23)load_rentals_file()->{'RNT001': {'price_per_day': 31, 'product_code':
'PRD80', 'rental_end': '3/22/17', 'rental_start': '6/12/17', ...}, 'RNT002': {'p
rice_per_day': 16, 'product_code': 'PRD11', 'rental_end': '9/30/18', 'rental_sta
rt': '7/20/16', ...}, 'RNT003': {'price_per_day': 40, 'product_code': 'PRD22', '
rental_end': '6/4/17', 'rental_start': '2/1/16', ...}, 'RNT004': {'price_per_day
': 40, 'product_code': 'PRD86', 'rental_end': '12/7/17', 'rental_start': '8/14/1
6', ...}, ...}
-> return data
(Pdb) n
> c:\python220repository\students\randi_peterson\lesson02\assignment02\charges_c
alc.py(46)<module>()
-> data = calculate_additional_fields(data)
(Pdb) s
--Call--
> c:\python220repository\students\randi_peterson\lesson02\assignment02\charges_c
alc.py(25)calculate_additional_fields()
-> def calculate_additional_fields(data):
(Pdb) n
> c:\python220repository\students\randi_peterson\lesson02\assignment02\charges_c
alc.py(26)calculate_additional_fields()
-> for value in data.values():
(Pdb) n
> c:\python220repository\students\randi_peterson\lesson02\assignment02\charges_c
alc.py(27)calculate_additional_fields()
-> try:
(Pdb) n
> c:\python220repository\students\randi_peterson\lesson02\assignment02\charges_c
alc.py(28)calculate_additional_fields()
-> rental_start = datetime.datetime.strptime(value['rental_start'], '%m/%d/%y')
(Pdb) n
> c:\python220repository\students\randi_peterson\lesson02\assignment02\charges_c
alc.py(29)calculate_additional_fields()
-> rental_end = datetime.datetime.strptime(value['rental_end'], '%m/%d/%y')
(Pdb) n
> c:\python220repository\students\randi_peterson\lesson02\assignment02\charges_c
alc.py(30)calculate_additional_fields()
-> value['total_days'] = (rental_end - rental_start).days
(Pdb) n
> c:\python220repository\students\randi_peterson\lesson02\assignment02\charges_c
alc.py(31)calculate_additional_fields()
-> value['total_price'] = value['total_days'] * value['price_per_day']
(Pdb) n
> c:\python220repository\students\randi_peterson\lesson02\assignment02\charges_c
alc.py(32)calculate_additional_fields()
-> value['sqrt_total_price'] = math.sqrt(value['total_price'])
(Pdb) n
ValueError: math domain error
> c:\python220repository\students\randi_peterson\lesson02\assignment02\charges_c
alc.py(32)calculate_additional_fields()
-> value['sqrt_total_price'] = math.sqrt(value['total_price'])
(Pdb) n
> c:\python220repository\students\randi_peterson\lesson02\assignment02\charges_c
alc.py(34)calculate_additional_fields()
-> except:
(Pdb) n
> c:\python220repository\students\randi_peterson\lesson02\assignment02\charges_c
alc.py(35)calculate_additional_fields()
-> exit(0)
(Pdb)